---
source: crates/lb-game/tests/decode_fixtures.rs
expression: decode_file(&f)
---
AmmoPickup [["B",9],["B",1]] => Some(AmmoPickup { index: 9, delta: 1 })
AmmoX [["B",9],["B",2]] => Some(AmmoX { index: 9, total: 2 })
DeathMsg [["B",0],["B",1],["T","world"]] => Some(DeathMsg { killer: 0, victim: 1, weapon: "world" })
ScoreInfo [["B",1],["S",-1],["S",1],["S",0],["S",0]] => Some(ScoreInfo { slot: 1, frags: -1, deaths: 1, team: 0 })
Health [["B",0]] => Some(Health(0))
CurWeapon [["B",0],["B",255],["B",255]] => Some(CurWeapon { active: false, id: 255, clip: -1 })
SetFOV [["B",0]] => Some(SetFov(0))
DeathMsg [["B",0],["B",2],["T","world"]] => Some(DeathMsg { killer: 0, victim: 2, weapon: "world" })
ScoreInfo [["B",2],["S",-1],["S",1],["S",0],["S",0]] => Some(ScoreInfo { slot: 2, frags: -1, deaths: 1, team: 0 })
DeathMsg [["B",0],["B",3],["T","world"]] => Some(DeathMsg { killer: 0, victim: 3, weapon: "world" })
ScoreInfo [["B",3],["S",-1],["S",1],["S",0],["S",0]] => Some(ScoreInfo { slot: 3, frags: -1, deaths: 1, team: 0 })
DeathMsg [["B",0],["B",4],["T","world"]] => Some(DeathMsg { killer: 0, victim: 4, weapon: "world" })
ScoreInfo [["B",4],["S",-1],["S",1],["S",0],["S",0]] => Some(ScoreInfo { slot: 4, frags: -1, deaths: 1, team: 0 })
DeathMsg [["B",0],["B",5],["T","world"]] => Some(DeathMsg { killer: 0, victim: 5, weapon: "world" })
ScoreInfo [["B",5],["S",-1],["S",1],["S",0],["S",0]] => Some(ScoreInfo { slot: 5, frags: -1, deaths: 1, team: 0 })
DeathMsg [["B",0],["B",6],["T","world"]] => Some(DeathMsg { killer: 0, victim: 6, weapon: "world" })
ScoreInfo [["B",6],["S",-1],["S",1],["S",0],["S",0]] => Some(ScoreInfo { slot: 6, frags: -1, deaths: 1, team: 0 })
AmmoX [["B",2],["B",0]] => Some(AmmoX { index: 2, total: 0 })
CurWeapon [["B",0],["B",0],["B",0]] => Some(CurWeapon { active: false, id: 0, clip: 0 })
AmmoX [["B",9],["B",0]] => Some(AmmoX { index: 9, total: 0 })
WeapPickup [["B",1]] => Some(WeapPickup { id: 1 })
WeapPickup [["B",2]] => Some(WeapPickup { id: 2 })
AmmoPickup [["B",2],["B",68]] => Some(AmmoPickup { index: 2, delta: 68 })
AmmoPickup [["B",2],["B",17]] => Some(AmmoPickup { index: 2, delta: 17 })
ResetHUD [["B",0]] => Some(ResetHud)
Health [["B",100]] => Some(Health(100))
Battery [["S",0]] => Some(Battery(0))
Damage [["B",0],["B",0],["L",0],["O",848.0],["O",1152.0],["O",-1485.0400390625]] => Some(Damage { armor: 0, health: 0, bits: 0, source: Vec3(848.0, 1152.0, -1485.04) })
AmmoX [["B",2],["B",153]] => Some(AmmoX { index: 2, total: 153 })
CurWeapon [["B",0],["B",1],["B",-1]] => Some(CurWeapon { active: false, id: 1, clip: -1 })
CurWeapon [["B",1],["B",2],["B",17]] => Some(CurWeapon { active: true, id: 2, clip: 17 })
Damage [["B",0],["B",0],["L",0],["O",864.0],["O",704.0],["O",-1799.0400390625]] => Some(Damage { armor: 0, health: 0, bits: 0, source: Vec3(864.0, 704.0, -1799.04) })
AmmoX [["B",2],["B",68]] => Some(AmmoX { index: 2, total: 68 })
Damage [["B",0],["B",0],["L",0],["O",32.0],["O",320.0],["O",-1783.0400390625]] => Some(Damage { armor: 0, health: 0, bits: 0, source: Vec3(32.0, 320.0, -1783.04) })
AmmoPickup [["B",2],["B",50]] => Some(AmmoPickup { index: 2, delta: 50 })
AmmoX [["B",2],["B",168]] => Some(AmmoX { index: 2, total: 168 })
Damage [["B",0],["B",0],["L",0],["O",496.0],["O",840.0],["O",-1485.0400390625]] => Some(Damage { armor: 0, health: 0, bits: 0, source: Vec3(496.0, 840.0, -1485.04) })
Damage [["B",0],["B",0],["L",0],["O",-688.0],["O",512.0],["O",-1644.0400390625]] => Some(Damage { armor: 0, health: 0, bits: 0, source: Vec3(-688.0, 512.0, -1644.04) })
Damage [["B",0],["B",0],["L",0],["O",672.0],["O",1488.0],["O",-1487.0400390625]] => Some(Damage { armor: 0, health: 0, bits: 0, source: Vec3(672.0, 1488.0, -1487.04) })
AmmoPickup [["B",2],["B",153]] => Some(AmmoPickup { index: 2, delta: 153 })
