---
source: crates/lb-chat/src/prompt.rs
expression: r.user
---
Карта crossfire, DM.
О карте: Кнопка в бункере запускает авиаудар по открытой площадке.
Идёт 11-я минута. Ты убит, ждёшь респауна, счёт 12/7, лидер — ATLAS Gamer. Сейчас ты в азарте.

Игроки на сервере:
- ATLAS Gamer — 20/3; на этой карте он ведёт 2:0
- 112S — 4/9; на этой карте ты ведёшь 3:1

Ты знаешь игроков:
- 112S: Злится, когда проигрывает, и пишет «…». Играет с дробовиком; всего против тебя: ты ведёшь 7:5; любит дробовик; был 2 дня назад; писал: «гг», «где рельсы?»
- ATLAS Gamer: Хороший игрок, один из лучших. Заходит по вечерам; Часто играет с дробовиком; всего против тебя: он ведёт 23:9

Прошлые карты: stalkyard (сегодня), победил ATLAS Gamer.

Что было в игре:
[2 мин назад] ATLAS Gamer убил 112S из дробовика
[2 мин назад] 112S убил тебя из дробовика
[40 с назад] ты убил 112S из арбалета

Ты недавно писал (не повторяйся и не противоречь себе):
[25 мин назад, прошлая карта] всем привет

Ваш разговор с 112S раньше:
[2 дня назад] 112S: привет, бот
[2 дня назад] ты: привет)
[12 мин назад, прошлая карта] 112S: ты где прячешься?
[12 мин назад, прошлая карта] ты: на рельсах, приходи

Чат:
[5 мин назад] ATLAS Gamer: го на рельсы
[95 с назад] ты: кто-то тут кемперит
[20 с назад] 112S: Кемпер (×3)
[только что] 112S: Не читаешь что?

Повод: 112S пишет тебе: «Не читаешь что?»
Что напишешь в чат? Одна строка до 56 символов, или -.
