---
source: crates/lb-chat/src/prompt.rs
expression: r.user
---
Сервер: GunGame-сервер hldm.org.
Карта crossfire, DM, идёт 11-я минута.
Ты убит, ждёшь респауна, счёт 12/7, лидер — ATLAS Gamer.

Игроки на сервере:
- ATLAS Gamer — 20/3; на этой карте ты его 0, он тебя 2
- 112S — 4/9; на этой карте ты его 3, он тебя 1

Ты знаешь игроков:
- ATLAS Gamer: Хороший игрок, один из лучших. Многие называют его читером; часто играет с дробовиком; всего против тебя: он тебя 23, ты его 9; любит дробовик, арбалет; побед: 11; был вчера; писал: «гг»

Прошлые карты: stalkyard (сегодня), победил ATLAS Gamer.

Что было недавно:
[2 мин назад] ATLAS Gamer убил eLdaYs из дробовика
[2 мин назад] ATLAS Gamer убил 112S из дробовика
[2 мин назад] 112S убил тебя из дробовика
[40 с назад] ты убил 112S из арбалета
[20 с назад] 112S: Читер
[только что] 112S: Не читаешь что?

Повод: 112S пишет тебе: «Не читаешь что?»
Что напишешь в чат? Одна строка до 56 символов, или -.
